-dict:0-
-dict:1-
-dict:0-
-dict:1-
-dict:0-
-dict:1-
rangecheck
null
-dict:0-
-dict:1-
-dict:1-
-dict:2-
-dict:2-
-dict:3-
unmatchedmark
rangecheck
null
