(0)
false
(1)
true
0
(2)
true
1
(3)
true
2
(4)
false
(-)
false
(0a)
true
0
(1a)
true
1
